{
 "mission": [
  {
   "name": "CRS-6",
   "flight": 22
  },
  {
   "name": "CRS-1",
   "flight": 9
  },
  {
   "name": "Inmarsat-5 F4",
   "flight": 40
  },
  {
   "name": "T\u00fcrkmen\u00c4lem 52\u00b0E / MonacoSAT",
   "flight": 23
  },
  {
   "name": "CRS-9",
   "flight": 32
  },
  {
   "name": "Falcon Heavy Test Flight",
   "flight": 55
  },
  {
   "name": "Boeing X-37B OTV-5",
   "flight": 47
  },
  {
   "name": "SES-12",
   "flight": 63
  },
  {
   "name": "Iridium NEXT Mission 3",
   "flight": 48
  },
  {
   "name": "Iridium NEXT Mission 5",
   "flight": 58
  },
  {
   "name": "JCSAT-2B",
   "flight": 29
  },
  {
   "name": "DemoSat",
   "flight": 2
  },
  {
   "name": "AsiaSat 8",
   "flight": 16
  }
 ]
}