{
 "missions": [
  {
   "name": "CRS-6",
   "flight": 22
  },
  {
   "name": "CRS-1",
   "flight": 9
  },
  {
   "name": "Inmarsat-5 F4",
   "flight": 40
  },
  {
   "name": "T\u00fcrkmen\u00c4lem 52\u00b0E / MonacoSAT",
   "flight": 23
  },
  {
   "name": "CRS-9",
   "flight": 32
  },
  {
   "name": "Falcon Heavy Test Flight",
   "flight": 55
  }
 ]
}