{
 "id": [
  {
   "id": "B1015"
  },
  {
   "id": "B0006"
  },
  {
   "id": "B1034"
  },
  {
   "id": "B1016"
  },
  {
   "id": "B1025"
  }
 ]
}