{
 "default": [
  {
   "launches.id": "13",
   "launches.mission_name": "Thaicom 6",
   "launches.rocket.rocket_name": "Falcon 9"
  },
  {
   "launches.id": "17",
   "launches.mission_name": "AsiaSat 6",
   "launches.rocket.rocket_name": "Falcon 9"
  },
  {
   "launches.id": "25",
   "launches.mission_name": "OG-2 Mission 2",
   "launches.rocket.rocket_name": "Falcon 9"
  },
  {
   "launches.id": "1",
   "launches.mission_name": "FalconSat",
   "launches.rocket.rocket_name": "Falcon 1"
  },
  {
   "launches.id": "9",
   "launches.mission_name": "CRS-1",
   "launches.rocket.rocket_name": "Falcon 9"
  },
  {
   "launches.id": "11",
   "launches.mission_name": "CASSIOPE",
   "launches.rocket.rocket_name": "Falcon 9"
  },
  {
   "launches.id": "21",
   "launches.mission_name": "ABS-3A / Eutelsat 115W B",
   "launches.rocket.rocket_name": "Falcon 9"
  },
  {
   "launches.id": "7",
   "launches.mission_name": "COTS 1",
   "launches.rocket.rocket_name": "Falcon 9"
  },
  {
   "launches.id": "23",
   "launches.mission_name": "T\u00fcrkmen\u00c4lem 52\u00b0E / MonacoSAT",
   "launches.rocket.rocket_name": "Falcon 9"
  },
  {
   "launches.id": "41",
   "launches.mission_name": "CRS-11",
   "launches.rocket.rocket_name": "Falcon 9"
  },
  {
   "launches.id": "35",
   "launches.mission_name": "Iridium NEXT Mission 1",
   "launches.rocket.rocket_name": "Falcon 9"
  },
  {
   "launches.id": "24",
   "launches.mission_name": "CRS-7",
   "launches.rocket.rocket_name": "Falcon 9"
  },
  {
   "launches.id": "18",
   "launches.mission_name": "CRS-4",
   "launches.rocket.rocket_name": "Falcon 9"
  },
  {
   "launches.id": "45",
   "launches.mission_name": "CRS-12",
   "launches.rocket.rocket_name": "Falcon 9"
  },
  {
   "launches.id": "59",
   "launches.mission_name": "CRS-14",
   "launches.rocket.rocket_name": "Falcon 9"
  },
  {
   "launches.id": "55",
   "launches.mission_name": "Falcon Heavy Test Flight",
   "launches.rocket.rocket_name": "Falcon Heavy"
  },
  {
   "launches.id": "22",
   "launches.mission_name": "CRS-6",
   "launches.rocket.rocket_name": "Falcon 9"
  },
  {
   "launches.id": "26",
   "launches.mission_name": "Jason 3",
   "launches.rocket.rocket_name": "Falcon 9"
  },
  {
   "launches.id": "56",
   "launches.mission_name": "Paz / Starlink Demo",
   "launches.rocket.rocket_name": "Falcon 9"
  },
  {
   "launches.id": "38",
   "launches.mission_name": "SES-10",
   "launches.rocket.rocket_name": "Falcon 9"
  },
  {
   "launches.id": "44",
   "launches.mission_name": "Intelsat 35e",
   "launches.rocket.rocket_name": "Falcon 9"
  },
  {
   "launches.id": "63",
   "launches.mission_name": "SES-12",
   "launches.rocket.rocket_name": "Falcon 9"
  },
  {
   "launches.id": "4",
   "launches.mission_name": "RatSat",
   "launches.rocket.rocket_name": "Falcon 1"
  },
  {
   "launches.id": "32",
   "launches.mission_name": "CRS-9",
   "launches.rocket.rocket_name": "Falcon 9"
  },
  {
   "launches.id": "40",
   "launches.mission_name": "Inmarsat-5 F4",
   "launches.rocket.rocket_name": "Falcon 9"
  },
  {
   "launches.id": "42",
   "launches.mission_name": "BulgariaSat-1",
   "launches.rocket.rocket_name": "Falcon 9"
  },
  {
   "launches.id": "57",
   "launches.mission_name": "Hispasat 30W-6",
   "launches.rocket.rocket_name": "Falcon 9"
  },
  {
   "launches.id": "54",
   "launches.mission_name": "SES-16 / GovSat-1",
   "launches.rocket.rocket_name": "Falcon 9"
  },
  {
   "launches.id": "62",
   "launches.mission_name": "Iridium NEXT Mission 6",
   "launches.rocket.rocket_name": "Falcon 9"
  },
  {
   "launches.id": "10",
   "launches.mission_name": "CRS-2",
   "launches.rocket.rocket_name": "Falcon 9"
  },
  {
   "launches.id": "5",
   "launches.mission_name": "RazakSat",
   "launches.rocket.rocket_name": "Falcon 1"
  },
  {
   "launches.id": "6",
   "launches.mission_name": "Falcon 9 Test Flight",
   "launches.rocket.rocket_name": "Falcon 9"
  },
  {
   "launches.id": "39",
   "launches.mission_name": "NROL-76",
   "launches.rocket.rocket_name": "Falcon 9"
  },
  {
   "launches.id": "58",
   "launches.mission_name": "Iridium NEXT Mission 5",
   "launches.rocket.rocket_name": "Falcon 9"
  },
  {
   "launches.id": "60",
   "launches.mission_name": "TESS",
   "launches.rocket.rocket_name": "Falcon 9"
  },
  {
   "launches.id": "19",
   "launches.mission_name": "CRS-5",
   "launches.rocket.rocket_name": "Falcon 9"
  },
  {
   "launches.id": "27",
   "launches.mission_name": "SES-9",
   "launches.rocket.rocket_name": "Falcon 9"
  },
  {
   "launches.id": "14",
   "launches.mission_name": "CRS-3",
   "launches.rocket.rocket_name": "Falcon 9"
  },
  {
   "launches.id": "20",
   "launches.mission_name": "DSCOVR",
   "launches.rocket.rocket_name": "Falcon 9"
  },
  {
   "launches.id": "33",
   "launches.mission_name": "JCSAT-16",
   "launches.rocket.rocket_name": "Falcon 9"
  },
  {
   "launches.id": "46",
   "launches.mission_name": "FormoSat-5",
   "launches.rocket.rocket_name": "Falcon 9"
  },
  {
   "launches.id": "12",
   "launches.mission_name": "SES-8",
   "launches.rocket.rocket_name": "Falcon 9"
  },
  {
   "launches.id": "15",
   "launches.mission_name": "OG-2 Mission 1",
   "launches.rocket.rocket_name": "Falcon 9"
  },
  {
   "launches.id": "36",
   "launches.mission_name": "CRS-10",
   "launches.rocket.rocket_name": "Falcon 9"
  },
  {
   "launches.id": "47",
   "launches.mission_name": "Boeing X-37B OTV-5",
   "launches.rocket.rocket_name": "Falcon 9"
  },
  {
   "launches.id": "48",
   "launches.mission_name": "Iridium NEXT Mission 3",
   "launches.rocket.rocket_name": "Falcon 9"
  },
  {
   "launches.id": "2",
   "launches.mission_name": "DemoSat",
   "launches.rocket.rocket_name": "Falcon 1"
  },
  {
   "launches.id": "29",
   "launches.mission_name": "JCSAT-2B",
   "launches.rocket.rocket_name": "Falcon 9"
  },
  {
   "launches.id": "37",
   "launches.mission_name": "EchoStar 23",
   "launches.rocket.rocket_name": "Falcon 9"
  },
  {
   "launches.id": "53",
   "launches.mission_name": "ZUMA",
   "launches.rocket.rocket_name": "Falcon 9"
  },
  {
   "launches.id": "30",
   "launches.mission_name": "Thaicom 8",
   "launches.rocket.rocket_name": "Falcon 9"
  },
  {
   "launches.id": "34",
   "launches.mission_name": "Amos-6",
   "launches.rocket.rocket_name": "Falcon 9"
  },
  {
   "launches.id": "43",
   "launches.mission_name": "Iridium NEXT Mission 2",
   "launches.rocket.rocket_name": "Falcon 9"
  },
  {
   "launches.id": "49",
   "launches.mission_name": "SES-11 / Echostar 105",
   "launches.rocket.rocket_name": "Falcon 9"
  },
  {
   "launches.id": "28",
   "launches.mission_name": "CRS-8",
   "launches.rocket.rocket_name": "Falcon 9"
  },
  {
   "launches.id": "31",
   "launches.mission_name": "ABS-2A / Eutelsat 117W B",
   "launches.rocket.rocket_name": "Falcon 9"
  },
  {
   "launches.id": "65",
   "launches.mission_name": "Telstar 19V",
   "launches.rocket.rocket_name": "Falcon 9"
  },
  {
   "launches.id": "3",
   "launches.mission_name": "Trailblazer",
   "launches.rocket.rocket_name": "Falcon 1"
  },
  {
   "launches.id": "8",
   "launches.mission_name": "COTS 2",
   "launches.rocket.rocket_name": "Falcon 9"
  },
  {
   "launches.id": "16",
   "launches.mission_name": "AsiaSat 8",
   "launches.rocket.rocket_name": "Falcon 9"
  },
  {
   "launches.id": "50",
   "launches.mission_name": "KoreaSat 5A",
   "launches.rocket.rocket_name": "Falcon 9"
  },
  {
   "launches.id": "51",
   "launches.mission_name": "CRS-13",
   "launches.rocket.rocket_name": "Falcon 9"
  },
  {
   "launches.id": "52",
   "launches.mission_name": "Iridium NEXT Mission 4",
   "launches.rocket.rocket_name": "Falcon 9"
  },
  {
   "launches.id": "61",
   "launches.mission_name": "Bangabandhu-1",
   "launches.rocket.rocket_name": "Falcon 9"
  },
  {
   "launches.id": "66",
   "launches.mission_name": "Iridium NEXT Mission 7",
   "launches.rocket.rocket_name": "Falcon 9"
  },
  {
   "launches.id": "75",
   "launches.mission_name": "Nusantara Satu (PSN-6) / S5 / Beresheet",
   "launches.rocket.rocket_name": "Falcon 9"
  },
  {
   "launches.id": "67",
   "launches.mission_name": "Merah Putih",
   "launches.rocket.rocket_name": "Falcon 9"
  },
  {
   "launches.id": "83",
   "launches.mission_name": "Amos-17",
   "launches.rocket.rocket_name": "Falcon 9"
  },
  {
   "launches.id": "69",
   "launches.mission_name": "SAOCOM 1A",
   "launches.rocket.rocket_name": "Falcon 9"
  },
  {
   "launches.id": "74",
   "launches.mission_name": "Iridium NEXT Mission 8",
   "launches.rocket.rocket_name": "Falcon 9"
  },
  {
   "launches.id": "80",
   "launches.mission_name": "RADARSAT Constellation",
   "launches.rocket.rocket_name": "Falcon 9"
  },
  {
   "launches.id": "97",
   "launches.mission_name": "GPS III SV03 (Columbus)",
   "launches.rocket.rocket_name": "Falcon 9"
  },
  {
   "launches.id": "71",
   "launches.mission_name": "SSO-A",
   "launches.rocket.rocket_name": "Falcon 9"
  },
  {
   "launches.id": "68",
   "launches.mission_name": "Telstar 18V",
   "launches.rocket.rocket_name": "Falcon 9"
  },
  {
   "launches.id": "85",
   "launches.mission_name": "CRS-19",
   "launches.rocket.rocket_name": "Falcon 9"
  },
  {
   "launches.id": "76",
   "launches.mission_name": "CCtCap Demo Mission 1",
   "launches.rocket.rocket_name": "Falcon 9"
  },
  {
   "launches.id": "81",
   "launches.mission_name": "STP-2",
   "launches.rocket.rocket_name": "Falcon Heavy"
  },
  {
   "launches.id": "72",
   "launches.mission_name": "CRS-16",
   "launches.rocket.rocket_name": "Falcon 9"
  },
  {
   "launches.id": "64",
   "launches.mission_name": "CRS-15",
   "launches.rocket.rocket_name": "Falcon 9"
  },
  {
   "launches.id": "78",
   "launches.mission_name": "CRS-17",
   "launches.rocket.rocket_name": "Falcon 9"
  },
  {
   "launches.id": "94",
   "launches.mission_name": "CCtCap Demo Mission 2",
   "launches.rocket.rocket_name": "Falcon 9"
  },
  {
   "launches.id": "88",
   "launches.mission_name": "Crew Dragon In Flight Abort Test",
   "launches.rocket.rocket_name": "Falcon 9"
  },
  {
   "launches.id": "77",
   "launches.mission_name": "ArabSat 6A",
   "launches.rocket.rocket_name": "Falcon Heavy"
  },
  {
   "launches.id": "73",
   "launches.mission_name": "GPS III SV01",
   "launches.rocket.rocket_name": "Falcon 9"
  },
  {
   "launches.id": "101",
   "launches.mission_name": "SAOCOM 1B, GNOMES-1, Tyvak-0172",
   "launches.rocket.rocket_name": "Falcon 9"
  },
  {
   "launches.id": "70",
   "launches.mission_name": "Es\u2019hail 2",
   "launches.rocket.rocket_name": "Falcon 9"
  },
  {
   "launches.id": "82",
   "launches.mission_name": "CRS-18",
   "launches.rocket.rocket_name": "Falcon 9"
  },
  {
   "launches.id": "86",
   "launches.mission_name": "JCSat 18 / Kacific 1",
   "launches.rocket.rocket_name": "Falcon 9"
  },
  {
   "launches.id": "79",
   "launches.mission_name": "Starlink v0.9",
   "launches.rocket.rocket_name": "Falcon 9"
  },
  {
   "launches.id": "84",
   "launches.mission_name": "Starlink 1",
   "launches.rocket.rocket_name": "Falcon 9"
  },
  {
   "launches.id": "87",
   "launches.mission_name": "Starlink 2",
   "launches.rocket.rocket_name": "Falcon 9"
  },
  {
   "launches.id": "91",
   "launches.mission_name": "CRS-20",
   "launches.rocket.rocket_name": "Falcon 9"
  },
  {
   "launches.id": "106",
   "launches.mission_name": "GPS III SV04 (Sacagawea)",
   "launches.rocket.rocket_name": "Falcon 9"
  },
  {
   "launches.id": "98",
   "launches.mission_name": "ANASIS-II",
   "launches.rocket.rocket_name": "Falcon 9"
  },
  {
   "launches.id": "89",
   "launches.mission_name": "Starlink 3",
   "launches.rocket.rocket_name": "Falcon 9"
  },
  {
   "launches.id": "90",
   "launches.mission_name": "Starlink 4",
   "launches.rocket.rocket_name": "Falcon 9"
  },
  {
   "launches.id": "92",
   "launches.mission_name": "Starlink 5",
   "launches.rocket.rocket_name": "Falcon 9"
  },
  {
   "launches.id": "93",
   "launches.mission_name": "Starlink 6",
   "launches.rocket.rocket_name": "Falcon 9"
  },
  {
   "launches.id": "95",
   "launches.mission_name": "Starlink 7",
   "launches.rocket.rocket_name": "Falcon 9"
  },
  {
   "launches.id": "96",
   "launches.mission_name": "Starlink-8 & SkySat 16-18",
   "launches.rocket.rocket_name": "Falcon 9"
  },
  {
   "launches.id": "99",
   "launches.mission_name": "Starlink-9 (v1.0) & BlackSky Global 5-6",
   "launches.rocket.rocket_name": "Falcon 9"
  },
  {
   "launches.id": "100",
   "launches.mission_name": "Starlink-10 (v1.0) & SkySat 19-21",
   "launches.rocket.rocket_name": "Falcon 9"
  },
  {
   "launches.id": "102",
   "launches.mission_name": "Starlink-11 (v1.0)",
   "launches.rocket.rocket_name": "Falcon 9"
  },
  {
   "launches.id": "103",
   "launches.mission_name": "Starlink-12 (v1.0)",
   "launches.rocket.rocket_name": "Falcon 9"
  },
  {
   "launches.id": "104",
   "launches.mission_name": "Starlink-13 (v1.0)",
   "launches.rocket.rocket_name": "Falcon 9"
  },
  {
   "launches.id": "105",
   "launches.mission_name": "Starlink-14 (v1.0)",
   "launches.rocket.rocket_name": "Falcon 9"
  },
  {
   "launches.id": "107",
   "launches.mission_name": "Crew-1",
   "launches.rocket.rocket_name": "Falcon 9"
  },
  {
   "launches.id": "108",
   "launches.mission_name": "Sentinel-6 Michael Freilich",
   "launches.rocket.rocket_name": "Falcon 9"
  },
  {
   "launches.id": "110",
   "launches.mission_name": "CRS-21",
   "launches.rocket.rocket_name": "Falcon 9"
  },
  {
   "launches.id": "110",
   "launches.mission_name": "SXM-7",
   "launches.rocket.rocket_name": "Falcon 9"
  },
  {
   "launches.id": "109",
   "launches.mission_name": "Starlink-15 (v1.0)",
   "launches.rocket.rocket_name": "Falcon 9"
  }
 ]
}