{
 "full": [
  {
   "name": "Falcon 1",
   "engines.type": "merlin"
  },
  {
   "name": "Falcon 9",
   "engines.type": "merlin"
  },
  {
   "name": "Falcon Heavy",
   "engines.type": "merlin"
  },
  {
   "name": "Starship",
   "engines.type": "raptor"
  }
 ],
 "short": [
  {
   "name": "Falcon 1",
   "type": "merlin"
  },
  {
   "name": "Falcon 9",
   "type": "merlin"
  },
  {
   "name": "Falcon Heavy",
   "type": "merlin"
  },
  {
   "name": "Starship",
   "type": "raptor"
  }
 ]
}