{
 "cores": [
  {
   "id": "B1015",
   "status": "lost",
   "missions.name": "CRS-6",
   "missions.flight": 22
  },
  {
   "id": "B0006",
   "status": "lost",
   "missions.name": "CRS-1",
   "missions.flight": 9
  },
  {
   "id": "B1034",
   "status": "lost",
   "missions.name": "Inmarsat-5 F4",
   "missions.flight": 40
  },
  {
   "id": "B1016",
   "status": "lost",
   "missions.name": "T\u00fcrkmen\u00c4lem 52\u00b0E / MonacoSAT",
   "missions.flight": 23
  },
  {
   "id": "B1025",
   "status": "inactive",
   "missions.name": "CRS-9",
   "missions.flight": 32
  },
  {
   "id": "B1025",
   "status": "inactive",
   "missions.name": "Falcon Heavy Test Flight",
   "missions.flight": 55
  }
 ],
 "missions": [
  {
   "name": "CRS-6",
   "flight": 22
  },
  {
   "name": "CRS-1",
   "flight": 9
  },
  {
   "name": "Inmarsat-5 F4",
   "flight": 40
  },
  {
   "name": "T\u00fcrkmen\u00c4lem 52\u00b0E / MonacoSAT",
   "flight": 23
  },
  {
   "name": "CRS-9",
   "flight": 32
  },
  {
   "name": "Falcon Heavy Test Flight",
   "flight": 55
  }
 ]
}