{
 "default": [
  {
   "id": "5eb87cd9ffd86e000604b32a",
   "launch.name": "FalconSat",
   "rocket.name": "Falcon 1"
  },
  {
   "id": "5eb87cdaffd86e000604b32b",
   "launch.name": "DemoSat",
   "rocket.name": "Falcon 1"
  },
  {
   "id": "5eb87cdbffd86e000604b32c",
   "launch.name": "Trailblazer",
   "rocket.name": "Falcon 1"
  },
  {
   "id": "5eb87cdbffd86e000604b32d",
   "launch.name": "RatSat",
   "rocket.name": "Falcon 1"
  },
  {
   "id": "5eb87cdcffd86e000604b32e",
   "launch.name": "RazakSat",
   "rocket.name": "Falcon 1"
  },
  {
   "id": "5eb87cddffd86e000604b32f",
   "launch.name": "Falcon 9 Test Flight",
   "rocket.name": "Falcon 9"
  },
  {
   "id": "5eb87cdeffd86e000604b330",
   "launch.name": "COTS 1",
   "rocket.name": "Falcon 9"
  },
  {
   "id": "5eb87cdfffd86e000604b331",
   "launch.name": "COTS 2",
   "rocket.name": "Falcon 9"
  },
  {
   "id": "5eb87ce0ffd86e000604b332",
   "launch.name": "CRS-1",
   "rocket.name": "Falcon 9"
  },
  {
   "id": "5eb87ce1ffd86e000604b333",
   "launch.name": "CRS-2",
   "rocket.name": "Falcon 9"
  },
  {
   "id": "5eb87ce1ffd86e000604b334",
   "launch.name": "CASSIOPE",
   "rocket.name": "Falcon 9"
  },
  {
   "id": "5eb87ce2ffd86e000604b335",
   "launch.name": "SES-8",
   "rocket.name": "Falcon 9"
  },
  {
   "id": "5eb87ce3ffd86e000604b336",
   "launch.name": "Thaicom 6",
   "rocket.name": "Falcon 9"
  },
  {
   "id": "5eb87ce4ffd86e000604b337",
   "launch.name": "CRS-3",
   "rocket.name": "Falcon 9"
  },
  {
   "id": "5eb87ce4ffd86e000604b338",
   "launch.name": "OG-2 Mission 1",
   "rocket.name": "Falcon 9"
  },
  {
   "id": "5eb87ce5ffd86e000604b339",
   "launch.name": "AsiaSat 8",
   "rocket.name": "Falcon 9"
  },
  {
   "id": "5eb87ce6ffd86e000604b33a",
   "launch.name": "AsiaSat 6",
   "rocket.name": "Falcon 9"
  },
  {
   "id": "5eb87ce7ffd86e000604b33b",
   "launch.name": "CRS-4",
   "rocket.name": "Falcon 9"
  },
  {
   "id": "5eb87ce8ffd86e000604b33c",
   "launch.name": "CRS-5",
   "rocket.name": "Falcon 9"
  },
  {
   "id": "5eb87ceaffd86e000604b33d",
   "launch.name": "DSCOVR",
   "rocket.name": "Falcon 9"
  },
  {
   "id": "5eb87ceaffd86e000604b33e",
   "launch.name": "ABS-3A / Eutelsat 115W B",
   "rocket.name": "Falcon 9"
  },
  {
   "id": "5eb87cecffd86e000604b33f",
   "launch.name": "CRS-6",
   "rocket.name": "Falcon 9"
  },
  {
   "id": "5eb87cedffd86e000604b340",
   "launch.name": "T\u00fcrkmen\u00c4lem 52\u00b0E / MonacoSAT",
   "rocket.name": "Falcon 9"
  },
  {
   "id": "5eb87ceeffd86e000604b341",
   "launch.name": "CRS-7",
   "rocket.name": "Falcon 9"
  },
  {
   "id": "5eb87cefffd86e000604b342",
   "launch.name": "OG-2 Mission 2",
   "rocket.name": "Falcon 9"
  },
  {
   "id": "5eb87cf0ffd86e000604b343",
   "launch.name": "Jason 3",
   "rocket.name": "Falcon 9"
  },
  {
   "id": "5eb87cf2ffd86e000604b344",
   "launch.name": "SES-9",
   "rocket.name": "Falcon 9"
  },
  {
   "id": "5eb87cf3ffd86e000604b345",
   "launch.name": "CRS-8",
   "rocket.name": "Falcon 9"
  },
  {
   "id": "5eb87cf5ffd86e000604b346",
   "launch.name": "JCSAT-2B",
   "rocket.name": "Falcon 9"
  },
  {
   "id": "5eb87cf6ffd86e000604b347",
   "launch.name": "Thaicom 8",
   "rocket.name": "Falcon 9"
  },
  {
   "id": "5eb87cf8ffd86e000604b348",
   "launch.name": "ABS-2A / Eutelsat 117W B",
   "rocket.name": "Falcon 9"
  },
  {
   "id": "5eb87cf9ffd86e000604b349",
   "launch.name": "CRS-9",
   "rocket.name": "Falcon 9"
  },
  {
   "id": "5eb87cfaffd86e000604b34a",
   "launch.name": "JCSAT-16",
   "rocket.name": "Falcon 9"
  },
  {
   "id": "5eb87cfbffd86e000604b34b",
   "launch.name": "Amos-6",
   "rocket.name": "Falcon 9"
  },
  {
   "id": "5eb87cfdffd86e000604b34c",
   "launch.name": "Iridium NEXT Mission 1",
   "rocket.name": "Falcon 9"
  },
  {
   "id": "5eb87cfeffd86e000604b34d",
   "launch.name": "CRS-10",
   "rocket.name": "Falcon 9"
  },
  {
   "id": "5eb87cfeffd86e000604b34e",
   "launch.name": "EchoStar 23",
   "rocket.name": "Falcon 9"
  },
  {
   "id": "5eb87d00ffd86e000604b34f",
   "launch.name": "SES-10",
   "rocket.name": "Falcon 9"
  },
  {
   "id": "5eb87d01ffd86e000604b350",
   "launch.name": "NROL-76",
   "rocket.name": "Falcon 9"
  },
  {
   "id": "5eb87d01ffd86e000604b351",
   "launch.name": "Inmarsat-5 F4",
   "rocket.name": "Falcon 9"
  },
  {
   "id": "5eb87d03ffd86e000604b352",
   "launch.name": "CRS-11",
   "rocket.name": "Falcon 9"
  },
  {
   "id": "5eb87d04ffd86e000604b353",
   "launch.name": "BulgariaSat-1",
   "rocket.name": "Falcon 9"
  },
  {
   "id": "5eb87d05ffd86e000604b354",
   "launch.name": "Iridium NEXT Mission 2",
   "rocket.name": "Falcon 9"
  },
  {
   "id": "5eb87d06ffd86e000604b355",
   "launch.name": "Intelsat 35e",
   "rocket.name": "Falcon 9"
  },
  {
   "id": "5eb87d07ffd86e000604b356",
   "launch.name": "CRS-12",
   "rocket.name": "Falcon 9"
  },
  {
   "id": "5eb87d08ffd86e000604b357",
   "launch.name": "FormoSat-5",
   "rocket.name": "Falcon 9"
  },
  {
   "id": "5eb87d09ffd86e000604b358",
   "launch.name": "Boeing X-37B OTV-5",
   "rocket.name": "Falcon 9"
  },
  {
   "id": "5eb87d0affd86e000604b359",
   "launch.name": "Iridium NEXT Mission 3",
   "rocket.name": "Falcon 9"
  },
  {
   "id": "5eb87d0cffd86e000604b35a",
   "launch.name": "SES-11 / Echostar 105",
   "rocket.name": "Falcon 9"
  },
  {
   "id": "5eb87d0dffd86e000604b35b",
   "launch.name": "KoreaSat 5A",
   "rocket.name": "Falcon 9"
  },
  {
   "id": "5eb87d0effd86e000604b35c",
   "launch.name": "CRS-13",
   "rocket.name": "Falcon 9"
  },
  {
   "id": "5eb87d0fffd86e000604b35d",
   "launch.name": "Iridium NEXT Mission 4",
   "rocket.name": "Falcon 9"
  },
  {
   "id": "5eb87d10ffd86e000604b35e",
   "launch.name": "ZUMA",
   "rocket.name": "Falcon 9"
  },
  {
   "id": "5eb87d11ffd86e000604b35f",
   "launch.name": "SES-16 / GovSat-1",
   "rocket.name": "Falcon 9"
  },
  {
   "id": "5eb87d13ffd86e000604b360",
   "launch.name": "Falcon Heavy Test Flight",
   "rocket.name": "Falcon Heavy"
  },
  {
   "id": "5eb87d14ffd86e000604b361",
   "launch.name": "Paz / Starlink Demo",
   "rocket.name": "Falcon 9"
  },
  {
   "id": "5eb87d15ffd86e000604b362",
   "launch.name": "Hispasat 30W-6",
   "rocket.name": "Falcon 9"
  },
  {
   "id": "5eb87d16ffd86e000604b363",
   "launch.name": "Iridium NEXT Mission 5",
   "rocket.name": "Falcon 9"
  },
  {
   "id": "5eb87d16ffd86e000604b364",
   "launch.name": "CRS-14",
   "rocket.name": "Falcon 9"
  },
  {
   "id": "5eb87d18ffd86e000604b365",
   "launch.name": "TESS",
   "rocket.name": "Falcon 9"
  },
  {
   "id": "5eb87d19ffd86e000604b366",
   "launch.name": "Bangabandhu-1",
   "rocket.name": "Falcon 9"
  },
  {
   "id": "5eb87d1affd86e000604b367",
   "launch.name": "Iridium NEXT Mission 6",
   "rocket.name": "Falcon 9"
  },
  {
   "id": "5eb87d1bffd86e000604b368",
   "launch.name": "SES-12",
   "rocket.name": "Falcon 9"
  },
  {
   "id": "5eb87d1cffd86e000604b369",
   "launch.name": "CRS-15",
   "rocket.name": "Falcon 9"
  },
  {
   "id": "5eb87d1effd86e000604b36a",
   "launch.name": "Telstar 19V",
   "rocket.name": "Falcon 9"
  },
  {
   "id": "5eb87d1fffd86e000604b36b",
   "launch.name": "Iridium NEXT Mission 7",
   "rocket.name": "Falcon 9"
  },
  {
   "id": "5eb87d20ffd86e000604b36c",
   "launch.name": "Merah Putih",
   "rocket.name": "Falcon 9"
  },
  {
   "id": "5eb87d22ffd86e000604b36d",
   "launch.name": "Telstar 18V",
   "rocket.name": "Falcon 9"
  },
  {
   "id": "5eb87d23ffd86e000604b36e",
   "launch.name": "SAOCOM 1A",
   "rocket.name": "Falcon 9"
  },
  {
   "id": "5eb87d24ffd86e000604b36f",
   "launch.name": "Es\u2019hail 2",
   "rocket.name": "Falcon 9"
  },
  {
   "id": "5eb87d25ffd86e000604b370",
   "launch.name": "SSO-A",
   "rocket.name": "Falcon 9"
  },
  {
   "id": "5eb87d26ffd86e000604b371",
   "launch.name": "CRS-16",
   "rocket.name": "Falcon 9"
  },
  {
   "id": "5eb87d27ffd86e000604b372",
   "launch.name": "GPS III SV01",
   "rocket.name": "Falcon 9"
  },
  {
   "id": "5eb87d28ffd86e000604b373",
   "launch.name": "Iridium NEXT Mission 8",
   "rocket.name": "Falcon 9"
  },
  {
   "id": "5eb87d2affd86e000604b374",
   "launch.name": "Nusantara Satu (PSN-6) / S5 / Beresheet",
   "rocket.name": "Falcon 9"
  },
  {
   "id": "5eb87d2bffd86e000604b375",
   "launch.name": "CCtCap Demo Mission 1",
   "rocket.name": "Falcon 9"
  },
  {
   "id": "5eb87d2dffd86e000604b376",
   "launch.name": "ArabSat 6A",
   "rocket.name": "Falcon Heavy"
  },
  {
   "id": "5eb87d2effd86e000604b377",
   "launch.name": "CRS-17",
   "rocket.name": "Falcon 9"
  },
  {
   "id": "5eb87d30ffd86e000604b378",
   "launch.name": "Starlink v0.9",
   "rocket.name": "Falcon 9"
  },
  {
   "id": "5eb87d31ffd86e000604b379",
   "launch.name": "RADARSAT Constellation",
   "rocket.name": "Falcon 9"
  },
  {
   "id": "5eb87d35ffd86e000604b37a",
   "launch.name": "STP-2",
   "rocket.name": "Falcon Heavy"
  },
  {
   "id": "5eb87d36ffd86e000604b37b",
   "launch.name": "CRS-18",
   "rocket.name": "Falcon 9"
  },
  {
   "id": "5eb87d37ffd86e000604b37c",
   "launch.name": "Amos-17",
   "rocket.name": "Falcon 9"
  },
  {
   "id": "5eb87d39ffd86e000604b37d",
   "launch.name": "Starlink-1",
   "rocket.name": "Falcon 9"
  },
  {
   "id": "5eb87d39ffd86e000604b37e",
   "launch.name": "CRS-19",
   "rocket.name": "Falcon 9"
  },
  {
   "id": "5eb87d3bffd86e000604b37f",
   "launch.name": "JCSat 18 / Kacific 1",
   "rocket.name": "Falcon 9"
  },
  {
   "id": "5eb87d3cffd86e000604b380",
   "launch.name": "Starlink-2",
   "rocket.name": "Falcon 9"
  },
  {
   "id": "5eb87d3dffd86e000604b381",
   "launch.name": "Crew Dragon In Flight Abort Test",
   "rocket.name": "Falcon 9"
  },
  {
   "id": "5eb87d3fffd86e000604b382",
   "launch.name": "Starlink-3",
   "rocket.name": "Falcon 9"
  },
  {
   "id": "5eb87d41ffd86e000604b383",
   "launch.name": "Starlink-4",
   "rocket.name": "Falcon 9"
  },
  {
   "id": "5eb87d42ffd86e000604b384",
   "launch.name": "CRS-20",
   "rocket.name": "Falcon 9"
  },
  {
   "id": "5eb87d43ffd86e000604b385",
   "launch.name": "Starlink-5",
   "rocket.name": "Falcon 9"
  },
  {
   "id": "5eb87d44ffd86e000604b386",
   "launch.name": "Starlink-6",
   "rocket.name": "Falcon 9"
  },
  {
   "id": "5eb87d46ffd86e000604b388",
   "launch.name": "CCtCap Demo Mission 2",
   "rocket.name": "Falcon 9"
  },
  {
   "id": "5eb87d45ffd86e000604b387",
   "launch.name": "Starlink-7",
   "rocket.name": "Falcon 9"
  },
  {
   "id": "5eb87d46ffd86e000604b389",
   "launch.name": "Starlink-8 & SkySat 16-18",
   "rocket.name": "Falcon 9"
  },
  {
   "id": "5eb87d4affd86e000604b38b",
   "launch.name": "GPS III SV03 (Columbus)",
   "rocket.name": "Falcon 9"
  },
  {
   "id": "5eb87d50ffd86e000604b394",
   "launch.name": "ANASIS-II",
   "rocket.name": "Falcon 9"
  },
  {
   "id": "5ed9819a1f30554030d45c29",
   "launch.name": "Starlink-9 (v1.0) & BlackSky Global 5-6",
   "rocket.name": "Falcon 9"
  },
  {
   "id": "5ed981d91f30554030d45c2a",
   "launch.name": "Starlink-10 (v1.0) & SkySat 19-21",
   "rocket.name": "Falcon 9"
  },
  {
   "id": "5eb87d47ffd86e000604b38a",
   "launch.name": "SAOCOM 1B, GNOMES-1, Tyvak-0172",
   "rocket.name": "Falcon 9"
  },
  {
   "id": "5ef6a1e90059c33cee4a828a",
   "launch.name": "Starlink-11 (v1.0)",
   "rocket.name": "Falcon 9"
  },
  {
   "id": "5ef6a2090059c33cee4a828b",
   "launch.name": "Starlink-12 (v1.0)",
   "rocket.name": "Falcon 9"
  },
  {
   "id": "5ef6a2bf0059c33cee4a828c",
   "launch.name": "Starlink-13 (v1.0)",
   "rocket.name": "Falcon 9"
  },
  {
   "id": "5ef6a2e70059c33cee4a8293",
   "launch.name": "Starlink-14 (v1.0)",
   "rocket.name": "Falcon 9"
  },
  {
   "id": "5eb87d4cffd86e000604b38d",
   "launch.name": "GPS III SV04 (Sacagawea)",
   "rocket.name": "Falcon 9"
  },
  {
   "id": "5eb87d4dffd86e000604b38e",
   "launch.name": "Crew-1",
   "rocket.name": "Falcon 9"
  },
  {
   "id": "5ed983aa1f30554030d45c31",
   "launch.name": "Sentinel-6 Michael Freilich",
   "rocket.name": "Falcon 9"
  },
  {
   "id": "5fb95b3f3a88ae63c954603c",
   "launch.name": "Starlink-15 (v1.0)",
   "rocket.name": "Falcon 9"
  },
  {
   "id": "5eb87d4effd86e000604b391",
   "launch.name": "CRS-21",
   "rocket.name": "Falcon 9"
  },
  {
   "id": "5eb87d4bffd86e000604b38c",
   "launch.name": "SXM-7",
   "rocket.name": "Falcon 9"
  },
  {
   "id": "5f8399fb818d8b59f5740d43",
   "launch.name": "NROL-108",
   "rocket.name": "Falcon 9"
  },
  {
   "id": "5eb87d4fffd86e000604b393",
   "launch.name": "Turksat 5A",
   "rocket.name": "Falcon 9"
  },
  {
   "id": "5fbfecce54ceb10a5664c80a",
   "launch.name": "Starlink-16 (v1.0)",
   "rocket.name": "Falcon 9"
  },
  {
   "id": "5fd386aa7faea57d297c86c1",
   "launch.name": "Transporter-1",
   "rocket.name": "Falcon 9"
  },
  {
   "id": "5ff6554f9257f579ee3a6c5f",
   "launch.name": "Starlink-18 (v1.0)",
   "rocket.name": "Falcon 9"
  },
  {
   "id": "600f9a5e8f798e2a4d5f979c",
   "launch.name": "Starlink-19 (v1.0)",
   "rocket.name": "Falcon 9"
  },
  {
   "id": "5fbfecfe54ceb10a5664c80b",
   "launch.name": "Starlink-17 (v1.0)",
   "rocket.name": "Falcon 9"
  },
  {
   "id": "600f9a718f798e2a4d5f979d",
   "launch.name": "Starlink-20 (v1.0)",
   "rocket.name": "Falcon 9"
  },
  {
   "id": "600f9a8d8f798e2a4d5f979e",
   "launch.name": "Starlink-21 (v1.0)",
   "rocket.name": "Falcon 9"
  },
  {
   "id": "60428aafc041c16716f73cd7",
   "launch.name": "Starlink-22 (v1.0)",
   "rocket.name": "Falcon 9"
  },
  {
   "id": "60428ac4c041c16716f73cd8",
   "launch.name": "Starlink-23 (v1.0)",
   "rocket.name": "Falcon 9"
  },
  {
   "id": "5fe3af58b3467846b324215f",
   "launch.name": "Crew-2",
   "rocket.name": "Falcon 9"
  },
  {
   "id": "605b4b6aaa5433645e37d03f",
   "launch.name": "Starlink-24 (v1.0)",
   "rocket.name": "Falcon 9"
  },
  {
   "id": "605b4b7daa5433645e37d040",
   "launch.name": "Starlink-25 (v1.0)",
   "rocket.name": "Falcon 9"
  },
  {
   "id": "6079bd1c9a06446e8c61bf76",
   "launch.name": "Starlink-27 (v1.0)",
   "rocket.name": "Falcon 9"
  },
  {
   "id": "605b4b95aa5433645e37d041",
   "launch.name": "Starlink-26 (v1.0) + Capella-6 + Tyvak-0130",
   "rocket.name": "Falcon 9"
  },
  {
   "id": "6079bd399a06446e8c61bf77",
   "launch.name": "Starlink-28 (v1.0)",
   "rocket.name": "Falcon 9"
  },
  {
   "id": "5fe3af84b3467846b3242161",
   "launch.name": "CRS-22 & IROSA",
   "rocket.name": "Falcon 9"
  },
  {
   "id": "5fe3af6db3467846b3242160",
   "launch.name": "SXM-8",
   "rocket.name": "Falcon 9"
  },
  {
   "id": "5eb87d4effd86e000604b390",
   "launch.name": "GPS III SV05",
   "rocket.name": "Falcon 9"
  },
  {
   "id": "600f9b6d8f798e2a4d5f979f",
   "launch.name": "Transporter-2",
   "rocket.name": "Falcon 9"
  },
  {
   "id": "5fe3b11eb3467846b324216c",
   "launch.name": "CRS-23",
   "rocket.name": "Falcon 9"
  },
  {
   "id": "60e3bf0d73359e1e20335c37",
   "launch.name": "Starlink 2-1 (v1.5)",
   "rocket.name": "Falcon 9"
  },
  {
   "id": "607a37565a906a44023e0866",
   "launch.name": "Inspiration4",
   "rocket.name": "Falcon 9"
  },
  {
   "id": "5fe3b15eb3467846b324216d",
   "launch.name": "Crew-3",
   "rocket.name": "Falcon 9"
  },
  {
   "id": "618faad2563d69573ed8ca9d",
   "launch.name": "Starlink 4-1 (v1.5)",
   "rocket.name": "Falcon 9"
  },
  {
   "id": "5fe3b107b3467846b324216b",
   "launch.name": "DART",
   "rocket.name": "Falcon 9"
  },
  {
   "id": "6161c94c6db1a92bfba85349",
   "launch.name": "Starlink 4-3 (v1.5)",
   "rocket.name": "Falcon 9"
  },
  {
   "id": "6161c88d6db1a92bfba85348",
   "launch.name": "IXPE",
   "rocket.name": "Falcon 9"
  },
  {
   "id": "61bba806437241381bf7061e",
   "launch.name": "Starlink 4-4 (v1.5)",
   "rocket.name": "Falcon 9"
  },
  {
   "id": "5fe3afc1b3467846b3242164",
   "launch.name": "T\u00fcrksat 5B",
   "rocket.name": "Falcon 9"
  },
  {
   "id": "6161d2006db1a92bfba85356",
   "launch.name": "CRS-24",
   "rocket.name": "Falcon 9"
  },
  {
   "id": "61d5eca1f88e4c5fc91f1eb7",
   "launch.name": "Starlink 4-5 (v1.5)",
   "rocket.name": "Falcon 9"
  },
  {
   "id": "61bf3e31cd5ab50b0d936345",
   "launch.name": "Transporter-3",
   "rocket.name": "Falcon 9"
  },
  {
   "id": "61e048bbbe8d8b66799018d0",
   "launch.name": "Starlink 4-6 (v1.5)",
   "rocket.name": "Falcon 9"
  },
  {
   "id": "6161d32d6db1a92bfba85359",
   "launch.name": "CSG-2",
   "rocket.name": "Falcon 9"
  },
  {
   "id": "607a34e35a906a44023e085e",
   "launch.name": "NROL-87",
   "rocket.name": "Falcon 9"
  },
  {
   "id": "61e048ffbe8d8b66799018d1",
   "launch.name": "Starlink 4-7 (v1.5)",
   "rocket.name": "Falcon 9"
  },
  {
   "id": "61fc01dae0dc5662b76489a7",
   "launch.name": "Starlink 4-8 (v1.5)",
   "rocket.name": "Falcon 9"
  },
  {
   "id": "61fc0203e0dc5662b76489a8",
   "launch.name": "Starlink 4-11 (v1.5)",
   "rocket.name": "Falcon 9"
  },
  {
   "id": "61fc0224e0dc5662b76489ab",
   "launch.name": "Starlink 4-9 (v1.5)",
   "rocket.name": "Falcon 9"
  },
  {
   "id": "61fc0243e0dc5662b76489ae",
   "launch.name": "Starlink 4-10 (v1.5)",
   "rocket.name": "Falcon 9"
  },
  {
   "id": "6234908cf051102e1fcedac4",
   "launch.name": "Starlink 4-12 (v1.5)",
   "rocket.name": "Falcon 9"
  },
  {
   "id": "6243ad8baf52800c6e919252",
   "launch.name": "Transporter-4",
   "rocket.name": "Falcon 9"
  },
  {
   "id": "61eefaa89eb1064137a1bd73",
   "launch.name": "Ax-1",
   "rocket.name": "Falcon 9"
  },
  {
   "id": "6243adcaaf52800c6e919254",
   "launch.name": "NROL-85",
   "rocket.name": "Falcon 9"
  },
  {
   "id": "6243ada6af52800c6e919253",
   "launch.name": "Starlink 4-14 (v1.5)",
   "rocket.name": "Falcon 9"
  },
  {
   "id": "6243ade2af52800c6e919255",
   "launch.name": "Crew-4",
   "rocket.name": "Falcon 9"
  },
  {
   "id": "62582a6f5988f159024b964b",
   "launch.name": "Starlink 4-16 (v1.5)",
   "rocket.name": "Falcon 9"
  },
  {
   "id": "62582a855988f159024b964c",
   "launch.name": "Starlink 4-17 (v1.5)",
   "rocket.name": "Falcon 9"
  },
  {
   "id": "6258290d5988f159024b9644",
   "launch.name": "Starlink 4-13 (v1.5)",
   "rocket.name": "Falcon 9"
  },
  {
   "id": "625828f25988f159024b9643",
   "launch.name": "Starlink 4-15 (v1.5)",
   "rocket.name": "Falcon 9"
  },
  {
   "id": "62615ebc0ec008379be596fa",
   "launch.name": "Starlink 4-18 (v1.5)",
   "rocket.name": "Falcon 9"
  },
  {
   "id": "6243ae24af52800c6e919258",
   "launch.name": "Transporter-5",
   "rocket.name": "Falcon 9"
  },
  {
   "id": "6243ae0aaf52800c6e919257",
   "launch.name": "Nilesat-301",
   "rocket.name": "Falcon 9"
  },
  {
   "id": "6278481757b51b752c5c5a5f",
   "launch.name": "Starlink 4-19 (v1.5)",
   "rocket.name": "Falcon 9"
  },
  {
   "id": "5fe3af43b3467846b324215e",
   "launch.name": "SARah 1",
   "rocket.name": "Falcon 9"
  },
  {
   "id": "62a9f08b20413d2695d88711",
   "launch.name": "Globalstar FM15",
   "rocket.name": "Falcon 9"
  },
  {
   "id": "6243aea5af52800c6e91925c",
   "launch.name": "SES-22",
   "rocket.name": "Falcon 9"
  },
  {
   "id": "62a9f0c920413d2695d88712",
   "launch.name": "Starlink 4-21 (v1.5)",
   "rocket.name": "Falcon 9"
  },
  {
   "id": "62a9f0e320413d2695d88713",
   "launch.name": "Starlink 3-1 (v1.5)",
   "rocket.name": "Falcon 9"
  },
  {
   "id": "6243ae40af52800c6e919259",
   "launch.name": "CRS-25",
   "rocket.name": "Falcon 9"
  },
  {
   "id": "62a9f0f820413d2695d88714",
   "launch.name": "Starlink 4-22 (v1.5)",
   "rocket.name": "Falcon 9"
  },
  {
   "id": "62a9f10b20413d2695d88715",
   "launch.name": "Starlink 3-2 (v1.5)",
   "rocket.name": "Falcon 9"
  },
  {
   "id": "62a9f12820413d2695d88716",
   "launch.name": "Starlink 4-25 (v1.5)",
   "rocket.name": "Falcon 9"
  },
  {
   "id": "62a9f86420413d2695d88719",
   "launch.name": "KPLO",
   "rocket.name": "Falcon 9"
  },
  {
   "id": "62a9f8b320413d2695d8871b",
   "launch.name": "Starlink 4-26 (v1.5)",
   "rocket.name": "Falcon 9"
  },
  {
   "id": "62f3b4ff0f55c50e192a4e6b",
   "launch.name": "Starlink 3-3 (v1.5)",
   "rocket.name": "Falcon 9"
  },
  {
   "id": "62f3b5200f55c50e192a4e6c",
   "launch.name": "Starlink 4-27 (v1.5)",
   "rocket.name": "Falcon 9"
  },
  {
   "id": "62f3b5290f55c50e192a4e6d",
   "launch.name": "Starlink 4-23 (v1.5)",
   "rocket.name": "Falcon 9"
  },
  {
   "id": "62f3b53a0f55c50e192a4e6f",
   "launch.name": "Starlink 3-4 (v1.5)",
   "rocket.name": "Falcon 9"
  },
  {
   "id": "62f3b5330f55c50e192a4e6e",
   "launch.name": "Starlink 4-20 (v1.5) & Sherpa LTC-2/Varuna-TDM",
   "rocket.name": "Falcon 9"
  },
  {
   "id": "62a9f89a20413d2695d8871a",
   "launch.name": "Starlink 4-2 (v1.5) & Blue Walker 3",
   "rocket.name": "Falcon 9"
  },
  {
   "id": "63161329ffc78f3b8567070b",
   "launch.name": "Starlink 4-34 (v1.5)",
   "rocket.name": "Falcon 9"
  },
  {
   "id": "63161339ffc78f3b8567070c",
   "launch.name": "Starlink 4-35 (v1.5)",
   "rocket.name": "Falcon 9"
  },
  {
   "id": "62dd70d5202306255024d139",
   "launch.name": "Crew-5",
   "rocket.name": "Falcon 9"
  },
  {
   "id": "6243aec2af52800c6e91925d",
   "launch.name": "USSF-44",
   "rocket.name": "Falcon Heavy"
  },
  {
   "id": "63161345ffc78f3b8567070d",
   "launch.name": "Starlink 4-36 (v1.5)",
   "rocket.name": "Falcon 9"
  },
  {
   "id": "633f71240531f07b4fdf59bb",
   "launch.name": "Galaxy 33 (15R) & 34 (12R)",
   "rocket.name": "Falcon 9"
  },
  {
   "id": "633f71370531f07b4fdf59bc",
   "launch.name": "Hotbird 13F",
   "rocket.name": "Falcon 9"
  },
  {
   "id": "633f71dd0531f07b4fdf59c1",
   "launch.name": "Hotbird 13G",
   "rocket.name": "Falcon 9"
  },
  {
   "id": "633f71a90531f07b4fdf59be",
   "launch.name": "Galaxy 31 (23R) & 32 (17R)",
   "rocket.name": "Falcon 9"
  },
  {
   "id": "633f71b60531f07b4fdf59bf",
   "launch.name": "Eutelsat 10B",
   "rocket.name": "Falcon 9"
  },
  {
   "id": "633f723d0531f07b4fdf59c4",
   "launch.name": "ispace Mission 1 & Rashid",
   "rocket.name": "Falcon 9"
  },
  {
   "id": "633f71cc0531f07b4fdf59c0",
   "launch.name": "CRS-26",
   "rocket.name": "Falcon 9"
  },
  {
   "id": "633f71820531f07b4fdf59bd",
   "launch.name": "Starlink 4-37 (v1.5)",
   "rocket.name": "Falcon 9"
  },
  {
   "id": "6243ba08af52800c6e919270",
   "launch.name": "O3b mPower 1,2",
   "rocket.name": "Falcon 9"
  },
  {
   "id": "633f724c0531f07b4fdf59c5",
   "launch.name": "SWOT",
   "rocket.name": "Falcon 9"
  },
  {
   "id": "633f72000531f07b4fdf59c2",
   "launch.name": "SES-18 & SES-19",
   "rocket.name": "Falcon 9"
  },
  {
   "id": "633f72580531f07b4fdf59c6",
   "launch.name": "Transporter-6",
   "rocket.name": "Falcon 9"
  },
  {
   "id": "63161384ffc78f3b8567070e",
   "launch.name": "TTL-1",
   "rocket.name": "Falcon 9"
  },
  {
   "id": "6243ae58af52800c6e91925a",
   "launch.name": "WorldView Legion 1 & 2",
   "rocket.name": "Falcon 9"
  },
  {
   "id": "633f72130531f07b4fdf59c3",
   "launch.name": "Viasat-3 & Arcturus",
   "rocket.name": "Falcon Heavy"
  },
  {
   "id": "6243ae7daf52800c6e91925b",
   "launch.name": "O3b mPower 3.4",
   "rocket.name": "Falcon 9"
  }
 ]
}