{
 "launches": [
  {
   "id": "13",
   "mission": "Thaicom 6",
   "rocket": "Falcon 9"
  },
  {
   "id": "17",
   "mission": "AsiaSat 6",
   "rocket": "Falcon 9"
  },
  {
   "id": "25",
   "mission": "OG-2 Mission 2",
   "rocket": "Falcon 9"
  },
  {
   "id": "1",
   "mission": "FalconSat",
   "rocket": "Falcon 1"
  },
  {
   "id": "9",
   "mission": "CRS-1",
   "rocket": "Falcon 9"
  },
  {
   "id": "11",
   "mission": "CASSIOPE",
   "rocket": "Falcon 9"
  },
  {
   "id": "21",
   "mission": "ABS-3A / Eutelsat 115W B",
   "rocket": "Falcon 9"
  },
  {
   "id": "7",
   "mission": "COTS 1",
   "rocket": "Falcon 9"
  },
  {
   "id": "23",
   "mission": "T\u00fcrkmen\u00c4lem 52\u00b0E / MonacoSAT",
   "rocket": "Falcon 9"
  },
  {
   "id": "41",
   "mission": "CRS-11",
   "rocket": "Falcon 9"
  },
  {
   "id": "35",
   "mission": "Iridium NEXT Mission 1",
   "rocket": "Falcon 9"
  },
  {
   "id": "24",
   "mission": "CRS-7",
   "rocket": "Falcon 9"
  },
  {
   "id": "18",
   "mission": "CRS-4",
   "rocket": "Falcon 9"
  },
  {
   "id": "45",
   "mission": "CRS-12",
   "rocket": "Falcon 9"
  },
  {
   "id": "59",
   "mission": "CRS-14",
   "rocket": "Falcon 9"
  },
  {
   "id": "55",
   "mission": "Falcon Heavy Test Flight",
   "rocket": "Falcon Heavy"
  },
  {
   "id": "22",
   "mission": "CRS-6",
   "rocket": "Falcon 9"
  },
  {
   "id": "26",
   "mission": "Jason 3",
   "rocket": "Falcon 9"
  },
  {
   "id": "56",
   "mission": "Paz / Starlink Demo",
   "rocket": "Falcon 9"
  },
  {
   "id": "38",
   "mission": "SES-10",
   "rocket": "Falcon 9"
  },
  {
   "id": "44",
   "mission": "Intelsat 35e",
   "rocket": "Falcon 9"
  },
  {
   "id": "63",
   "mission": "SES-12",
   "rocket": "Falcon 9"
  },
  {
   "id": "4",
   "mission": "RatSat",
   "rocket": "Falcon 1"
  },
  {
   "id": "32",
   "mission": "CRS-9",
   "rocket": "Falcon 9"
  },
  {
   "id": "40",
   "mission": "Inmarsat-5 F4",
   "rocket": "Falcon 9"
  },
  {
   "id": "42",
   "mission": "BulgariaSat-1",
   "rocket": "Falcon 9"
  },
  {
   "id": "57",
   "mission": "Hispasat 30W-6",
   "rocket": "Falcon 9"
  },
  {
   "id": "54",
   "mission": "SES-16 / GovSat-1",
   "rocket": "Falcon 9"
  },
  {
   "id": "62",
   "mission": "Iridium NEXT Mission 6",
   "rocket": "Falcon 9"
  },
  {
   "id": "10",
   "mission": "CRS-2",
   "rocket": "Falcon 9"
  },
  {
   "id": "5",
   "mission": "RazakSat",
   "rocket": "Falcon 1"
  },
  {
   "id": "6",
   "mission": "Falcon 9 Test Flight",
   "rocket": "Falcon 9"
  },
  {
   "id": "39",
   "mission": "NROL-76",
   "rocket": "Falcon 9"
  },
  {
   "id": "58",
   "mission": "Iridium NEXT Mission 5",
   "rocket": "Falcon 9"
  },
  {
   "id": "60",
   "mission": "TESS",
   "rocket": "Falcon 9"
  },
  {
   "id": "19",
   "mission": "CRS-5",
   "rocket": "Falcon 9"
  },
  {
   "id": "27",
   "mission": "SES-9",
   "rocket": "Falcon 9"
  },
  {
   "id": "14",
   "mission": "CRS-3",
   "rocket": "Falcon 9"
  },
  {
   "id": "20",
   "mission": "DSCOVR",
   "rocket": "Falcon 9"
  },
  {
   "id": "33",
   "mission": "JCSAT-16",
   "rocket": "Falcon 9"
  },
  {
   "id": "46",
   "mission": "FormoSat-5",
   "rocket": "Falcon 9"
  },
  {
   "id": "12",
   "mission": "SES-8",
   "rocket": "Falcon 9"
  },
  {
   "id": "15",
   "mission": "OG-2 Mission 1",
   "rocket": "Falcon 9"
  },
  {
   "id": "36",
   "mission": "CRS-10",
   "rocket": "Falcon 9"
  },
  {
   "id": "47",
   "mission": "Boeing X-37B OTV-5",
   "rocket": "Falcon 9"
  },
  {
   "id": "48",
   "mission": "Iridium NEXT Mission 3",
   "rocket": "Falcon 9"
  },
  {
   "id": "2",
   "mission": "DemoSat",
   "rocket": "Falcon 1"
  },
  {
   "id": "29",
   "mission": "JCSAT-2B",
   "rocket": "Falcon 9"
  },
  {
   "id": "37",
   "mission": "EchoStar 23",
   "rocket": "Falcon 9"
  },
  {
   "id": "53",
   "mission": "ZUMA",
   "rocket": "Falcon 9"
  },
  {
   "id": "30",
   "mission": "Thaicom 8",
   "rocket": "Falcon 9"
  },
  {
   "id": "34",
   "mission": "Amos-6",
   "rocket": "Falcon 9"
  },
  {
   "id": "43",
   "mission": "Iridium NEXT Mission 2",
   "rocket": "Falcon 9"
  },
  {
   "id": "49",
   "mission": "SES-11 / Echostar 105",
   "rocket": "Falcon 9"
  },
  {
   "id": "28",
   "mission": "CRS-8",
   "rocket": "Falcon 9"
  },
  {
   "id": "31",
   "mission": "ABS-2A / Eutelsat 117W B",
   "rocket": "Falcon 9"
  },
  {
   "id": "65",
   "mission": "Telstar 19V",
   "rocket": "Falcon 9"
  },
  {
   "id": "3",
   "mission": "Trailblazer",
   "rocket": "Falcon 1"
  },
  {
   "id": "8",
   "mission": "COTS 2",
   "rocket": "Falcon 9"
  },
  {
   "id": "16",
   "mission": "AsiaSat 8",
   "rocket": "Falcon 9"
  },
  {
   "id": "50",
   "mission": "KoreaSat 5A",
   "rocket": "Falcon 9"
  },
  {
   "id": "51",
   "mission": "CRS-13",
   "rocket": "Falcon 9"
  },
  {
   "id": "52",
   "mission": "Iridium NEXT Mission 4",
   "rocket": "Falcon 9"
  },
  {
   "id": "61",
   "mission": "Bangabandhu-1",
   "rocket": "Falcon 9"
  },
  {
   "id": "66",
   "mission": "Iridium NEXT Mission 7",
   "rocket": "Falcon 9"
  },
  {
   "id": "75",
   "mission": "Nusantara Satu (PSN-6) / S5 / Beresheet",
   "rocket": "Falcon 9"
  },
  {
   "id": "67",
   "mission": "Merah Putih",
   "rocket": "Falcon 9"
  },
  {
   "id": "83",
   "mission": "Amos-17",
   "rocket": "Falcon 9"
  },
  {
   "id": "69",
   "mission": "SAOCOM 1A",
   "rocket": "Falcon 9"
  },
  {
   "id": "74",
   "mission": "Iridium NEXT Mission 8",
   "rocket": "Falcon 9"
  },
  {
   "id": "80",
   "mission": "RADARSAT Constellation",
   "rocket": "Falcon 9"
  },
  {
   "id": "97",
   "mission": "GPS III SV03 (Columbus)",
   "rocket": "Falcon 9"
  },
  {
   "id": "71",
   "mission": "SSO-A",
   "rocket": "Falcon 9"
  },
  {
   "id": "68",
   "mission": "Telstar 18V",
   "rocket": "Falcon 9"
  },
  {
   "id": "85",
   "mission": "CRS-19",
   "rocket": "Falcon 9"
  },
  {
   "id": "76",
   "mission": "CCtCap Demo Mission 1",
   "rocket": "Falcon 9"
  },
  {
   "id": "81",
   "mission": "STP-2",
   "rocket": "Falcon Heavy"
  },
  {
   "id": "72",
   "mission": "CRS-16",
   "rocket": "Falcon 9"
  },
  {
   "id": "64",
   "mission": "CRS-15",
   "rocket": "Falcon 9"
  },
  {
   "id": "78",
   "mission": "CRS-17",
   "rocket": "Falcon 9"
  },
  {
   "id": "94",
   "mission": "CCtCap Demo Mission 2",
   "rocket": "Falcon 9"
  },
  {
   "id": "88",
   "mission": "Crew Dragon In Flight Abort Test",
   "rocket": "Falcon 9"
  },
  {
   "id": "77",
   "mission": "ArabSat 6A",
   "rocket": "Falcon Heavy"
  },
  {
   "id": "73",
   "mission": "GPS III SV01",
   "rocket": "Falcon 9"
  },
  {
   "id": "101",
   "mission": "SAOCOM 1B, GNOMES-1, Tyvak-0172",
   "rocket": "Falcon 9"
  },
  {
   "id": "70",
   "mission": "Es\u2019hail 2",
   "rocket": "Falcon 9"
  },
  {
   "id": "82",
   "mission": "CRS-18",
   "rocket": "Falcon 9"
  },
  {
   "id": "86",
   "mission": "JCSat 18 / Kacific 1",
   "rocket": "Falcon 9"
  },
  {
   "id": "79",
   "mission": "Starlink v0.9",
   "rocket": "Falcon 9"
  },
  {
   "id": "84",
   "mission": "Starlink 1",
   "rocket": "Falcon 9"
  },
  {
   "id": "87",
   "mission": "Starlink 2",
   "rocket": "Falcon 9"
  },
  {
   "id": "91",
   "mission": "CRS-20",
   "rocket": "Falcon 9"
  },
  {
   "id": "106",
   "mission": "GPS III SV04 (Sacagawea)",
   "rocket": "Falcon 9"
  },
  {
   "id": "98",
   "mission": "ANASIS-II",
   "rocket": "Falcon 9"
  },
  {
   "id": "89",
   "mission": "Starlink 3",
   "rocket": "Falcon 9"
  },
  {
   "id": "90",
   "mission": "Starlink 4",
   "rocket": "Falcon 9"
  },
  {
   "id": "92",
   "mission": "Starlink 5",
   "rocket": "Falcon 9"
  },
  {
   "id": "93",
   "mission": "Starlink 6",
   "rocket": "Falcon 9"
  },
  {
   "id": "95",
   "mission": "Starlink 7",
   "rocket": "Falcon 9"
  },
  {
   "id": "96",
   "mission": "Starlink-8 & SkySat 16-18",
   "rocket": "Falcon 9"
  },
  {
   "id": "99",
   "mission": "Starlink-9 (v1.0) & BlackSky Global 5-6",
   "rocket": "Falcon 9"
  },
  {
   "id": "100",
   "mission": "Starlink-10 (v1.0) & SkySat 19-21",
   "rocket": "Falcon 9"
  },
  {
   "id": "102",
   "mission": "Starlink-11 (v1.0)",
   "rocket": "Falcon 9"
  },
  {
   "id": "103",
   "mission": "Starlink-12 (v1.0)",
   "rocket": "Falcon 9"
  },
  {
   "id": "104",
   "mission": "Starlink-13 (v1.0)",
   "rocket": "Falcon 9"
  },
  {
   "id": "105",
   "mission": "Starlink-14 (v1.0)",
   "rocket": "Falcon 9"
  },
  {
   "id": "107",
   "mission": "Crew-1",
   "rocket": "Falcon 9"
  },
  {
   "id": "108",
   "mission": "Sentinel-6 Michael Freilich",
   "rocket": "Falcon 9"
  },
  {
   "id": "110",
   "mission": "CRS-21",
   "rocket": "Falcon 9"
  },
  {
   "id": "110",
   "mission": "SXM-7",
   "rocket": "Falcon 9"
  },
  {
   "id": "109",
   "mission": "Starlink-15 (v1.0)",
   "rocket": "Falcon 9"
  }
 ],
 "landpads": [
  {
   "id": "LZ-1",
   "name": "Landing Zone 1",
   "region": "Florida",
   "lat": 28.485833,
   "lon": -80.544444
  },
  {
   "id": "LZ-2",
   "name": "Landing Zone 2",
   "region": "Florida",
   "lat": 28.485833,
   "lon": -80.544444
  },
  {
   "id": "LZ-4",
   "name": "Landing Zone 4",
   "region": "California",
   "lat": 34.632989,
   "lon": -120.615167
  },
  {
   "id": "OCISLY",
   "name": "Of Course I Still Love You",
   "region": "Florida",
   "lat": 28.4104,
   "lon": -80.6188
  },
  {
   "id": "JRTI-1",
   "name": "Just Read The Instructions V1",
   "region": "Florida",
   "lat": 28.4104,
   "lon": -80.6188
  },
  {
   "id": "JRTI",
   "name": "Just Read The Instructions",
   "region": "California",
   "lat": 33.7291858,
   "lon": -118.262015
  },
  {
   "id": "ASOG",
   "name": "A Shortfall of Gravitas",
   "region": "Florida",
   "lat": 28.4104,
   "lon": -80.6188
  }
 ]
}